---
http_interactions:
- request:
    method: post
    uri: https://ValidAppID:ValidAppKey@api.genability.com/rest/v1/accounts
    body:
      encoding: UTF-8
      string: '{"accountName":"Ruby Accounts Test"}'
    headers:
      Accept:
      - application/json; charset=utf-8
      User-Agent:
      - Genability API Ruby Gem
      Content-Type:
      - application/json;charset=utf-8
      Accept-Encoding:
      - gzip;q=1.0,deflate;q=0.6,identity;q=0.3
  response:
    status:
      code: 200
      message: OK
    headers:
      Content-Type:
      - application/json;charset=utf-8
      Date:
      - Fri, 22 Apr 2016 00:57:06 GMT
      Server:
      - Apache-Coyote/1.1
      Vary:
      - Accept-Encoding
      Transfer-Encoding:
      - chunked
      Connection:
      - keep-alive
    body:
      encoding: ASCII-8BIT
      string: '{"status":"success","count":1,"type":"Account","results":[{"accountId":"4cb27d92-3e17-49b3-b57d-4b43522b6ec2","providerAccountId":null,"accountName":"Ruby
        Accounts Test","customerOrgId":null,"customerOrgName":null,"status":"ACTIVE","type":null,"accountManager":null,"assignee":null,"contacts":null,"properties":null,"tariffs":null,"projects":null}]}'
    http_version: 
  recorded_at: Fri, 22 Apr 2016 00:57:07 GMT
- request:
    method: get
    uri: https://ValidAppID:ValidAppKey@api.genability.com/rest/v1/accounts?search=Ruby%20Accounts%20Test
    body:
      encoding: US-ASCII
      string: ''
    headers:
      Accept:
      - application/json; charset=utf-8
      User-Agent:
      - Genability API Ruby Gem
      Accept-Encoding:
      - gzip;q=1.0,deflate;q=0.6,identity;q=0.3
  response:
    status:
      code: 200
      message: OK
    headers:
      Content-Type:
      - application/json;charset=utf-8
      Date:
      - Fri, 22 Apr 2016 00:57:06 GMT
      Server:
      - Apache-Coyote/1.1
      Vary:
      - Accept-Encoding
      Content-Length:
      - '245'
      Connection:
      - keep-alive
    body:
      encoding: ASCII-8BIT
      string: '{"status":"success","count":1,"type":"Account","results":[{"accountId":"4cb27d92-3e17-49b3-b57d-4b43522b6ec2","providerAccountId":null,"accountName":"Ruby
        Accounts Test","customerOrgId":null,"customerOrgName":null,"status":"ACTIVE","type":null,"accountManager":null,"assignee":null,"contacts":null,"properties":null,"tariffs":null,"projects":null}],"pageStart":0,"pageCount":25}'
    http_version: 
  recorded_at: Fri, 22 Apr 2016 00:57:07 GMT
- request:
    method: delete
    uri: https://ValidAppID:ValidAppKey@api.genability.com/rest/v1/accounts/4cb27d92-3e17-49b3-b57d-4b43522b6ec2
    body:
      encoding: US-ASCII
      string: ''
    headers:
      Accept:
      - application/json; charset=utf-8
      User-Agent:
      - Genability API Ruby Gem
      Accept-Encoding:
      - gzip;q=1.0,deflate;q=0.6,identity;q=0.3
  response:
    status:
      code: 200
      message: OK
    headers:
      Content-Type:
      - application/json;charset=utf-8
      Date:
      - Fri, 22 Apr 2016 00:57:06 GMT
      Server:
      - Apache-Coyote/1.1
      Vary:
      - Accept-Encoding
      Transfer-Encoding:
      - chunked
      Connection:
      - keep-alive
    body:
      encoding: ASCII-8BIT
      string: '{"status":"success","count":1,"type":"Account","results":[{"accountId":"4cb27d92-3e17-49b3-b57d-4b43522b6ec2","providerAccountId":null,"accountName":null,"customerOrgId":null,"customerOrgName":null,"status":"DELETED","type":null,"accountManager":null,"assignee":null,"contacts":null,"properties":null,"tariffs":null,"projects":null}]}'
    http_version: 
  recorded_at: Fri, 22 Apr 2016 00:57:07 GMT
recorded_with: VCR 3.0.1
